{
  "bom": null,
  "run_details": {},
  "summary": {},
  "tool": "snyk-iac",
  "vulnerabilities": [
    {
      "confidence": "",
      "file_location": {
        "line": 11,
        "path": "goat-owasp-kubernettes/batch-check/job.yaml"
      },
      "identifiers": {
        "SNYK": "SNYK-CC-K8S-10"
      },
      "is_excluded": false,
      "is_ignored": false,
      "language": "",
      "metadata": null,
      "name": ":Container is running without root user control",
      "overview": "Container is running without root user control, ",
      "recommendation": "Set `securityContext.runAsNonRoot` to `true`",
      "references": [],
      "severity": "medium",
      "version": "",
      "vulnerability_type": "infrastructure"
    },
    {
      "confidence": "",
      "file_location": {
        "line": 3,
        "path": "goat-owasp-kubernettes/batch-check/job.yaml"
      },
      "identifiers": {
        "SNYK": "SNYK-CC-K8S-32"
      },
      "is_excluded": false,
      "is_ignored": false,
      "language": "",
      "metadata": null,
      "name": ":Container is running without AppArmor profile",
      "overview": "The AppArmor profile is not set correctly, ",
      "recommendation": "Add `container.apparmor.security.beta.kubernetes.io/<container-name>` annotation with value `runtime/default` or `localhost/<name-of-profile`",
      "references": [],
      "severity": "low",
      "version": "",
      "vulnerability_type": "infrastructure"
    }
  ],
  "warnings": []
}