{
  "bom": null,
  "run_details": {},
  "summary": {},
  "tool": "snyk-container",
  "vulnerabilities": [
    {
      "confidence": "",
      "file_location": null,
      "identifiers": {
        "cve": "CVE-2011-3374",
        "cwe": "CWE-347",
        "snyk": "SNYK-DEBIAN10-APT-407502"
      },
      "is_excluded": false,
      "is_ignored": false,
      "language": "linux",
      "metadata": {},
      "name": "apt:Improper Verification of Cryptographic Signature",
      "overview": "Improper Verification of Cryptographic Signature vulnerability in apt",
      "recommendation": "",
      "references": [],
      "severity": "low",
      "version": "1.8.2.2",
      "vulnerability_type": "dependancy"
    },
    {
      "confidence": "",
      "file_location": null,
      "identifiers": {
        "cve": "CVE-2019-3843",
        "cwe": "CWE-266",
        "snyk": "SNYK-DEBIAN10-SYSTEMD-345391"
      },
      "is_excluded": false,
      "is_ignored": false,
      "language": "linux",
      "metadata": {},
      "name": "systemd:Incorrect Privilege Assignment",
      "overview": "Incorrect Privilege Assignment vulnerability in systemd",
      "recommendation": "",
      "references": [],
      "severity": "high",
      "version": "241-7~deb10u7",
      "vulnerability_type": "dependancy"
    }
  ],
  "warnings": []
}