{
  "bom": null,
  "run_details": {},
  "summary": {},
  "tool": "snyk",
  "vulnerabilities": [
    {
      "confidence": "",
      "file_location": null,
      "identifiers": {
        "cwe": "CWE-16",
        "ghsa": "GHSA-c3m8-x3cg-qm2c",
        "nsp": 1176,
        "snyk": "SNYK-JS-HELMETCSP-469436"
      },
      "is_excluded": false,
      "is_ignored": false,
      "language": "js",
      "metadata": {},
      "name": "helmet-csp:Configuration Override",
      "overview": "Configuration Override vulnerability in helmet-csp",
      "recommendation": "Update package 'helmet-csp' to non vulnerable version",
      "references": [],
      "severity": "medium",
      "version": "1.2.2",
      "vulnerability_type": "dependancy"
    },
    {
      "confidence": "",
      "file_location": null,
      "identifiers": {
        "cve": "CVE-2017-16137",
        "cwe": "CWE-400",
        "ghsa": "GHSA-gxpj-cx7g-858c",
        "nsp": 534,
        "snyk": "npm:debug:20170905"
      },
      "is_excluded": false,
      "is_ignored": false,
      "language": "js",
      "metadata": {},
      "name": "debug:Regular Expression Denial of Service (ReDoS)",
      "overview": "Regular Expression Denial of Service (ReDoS) vulnerability in debug",
      "recommendation": "Update package 'debug' to non vulnerable version",
      "references": [],
      "severity": "low",
      "version": "2.2.0",
      "vulnerability_type": "dependancy"
    },
    {
      "confidence": "",
      "file_location": null,
      "identifiers": {
        "cve": "CVE-2017-16137",
        "cwe": "CWE-400",
        "ghsa": "GHSA-gxpj-cx7g-858c",
        "nsp": 534,
        "snyk": "npm:debug:20170905"
      },
      "is_excluded": false,
      "is_ignored": false,
      "language": "js",
      "metadata": {},
      "name": "debug:Regular Expression Denial of Service (ReDoS)",
      "overview": "Regular Expression Denial of Service (ReDoS) vulnerability in debug",
      "recommendation": "Update package 'debug' to non vulnerable version",
      "references": [],
      "severity": "low",
      "version": "2.2.0",
      "vulnerability_type": "dependancy"
    },
    {
      "confidence": "",
      "file_location": null,
      "identifiers": {
        "cwe": "CWE-400",
        "snyk": "npm:ms:20170412"
      },
      "is_excluded": false,
      "is_ignored": false,
      "language": "js",
      "metadata": {},
      "name": "ms:Regular Expression Denial of Service (ReDoS)",
      "overview": "Regular Expression Denial of Service (ReDoS) vulnerability in ms",
      "recommendation": "Update package 'ms' to non vulnerable version",
      "references": [],
      "severity": "low",
      "version": "0.7.1",
      "vulnerability_type": "dependancy"
    },
    {
      "confidence": "",
      "file_location": null,
      "identifiers": {
        "cwe": "CWE-400",
        "snyk": "npm:ms:20170412"
      },
      "is_excluded": false,
      "is_ignored": false,
      "language": "js",
      "metadata": {},
      "name": "ms:Regular Expression Denial of Service (ReDoS)",
      "overview": "Regular Expression Denial of Service (ReDoS) vulnerability in ms",
      "recommendation": "Update package 'ms' to non vulnerable version",
      "references": [],
      "severity": "low",
      "version": "0.7.1",
      "vulnerability_type": "dependancy"
    }
  ],
  "warnings": []
}